profile: L1
review_identity:
  semantic_authority_digest: sha256:semantic-authority-l1
  behavior_digest: sha256:behavior-l1
  verification_digest: sha256:verification-l1
  policy_epoch: tw-review-policy/2026-08-21
audit_metadata:
  requirements_baseline_hash: sha256:requirements-l1
  workflow_profile_hash: sha256:profile-l1
  frozen_scope_identity: sha256:scope-l1
bookkeeping:
  bookkeeping_digest: sha256:bookkeeping-l1
identity_reuse:
  semantic_identity_unchanged: true
  new_unresolved_blocker: false
  result: reuse_accepted_review
fanout:
  active_reviewers: [independent]
  personas: [routine_independent]
  specialist_triggered: false
  validator_triggered: false
finding:
  severity: P3
  route: record_without_extra_cycle
repair_cycles: 0
terminal_receipt:
  facts:
    implemented: { state: passed, evidence_refs: [implementation-l1] }
    verified: { state: passed, evidence_refs: [verification-l1] }
    reviewed: { state: passed, evidence_refs: [review-l1] }
    deployed: { state: not_applicable, evidence_refs: [] }
    dogfooded: { state: not_applicable, evidence_refs: [] }
  requirements: { deploy_required: false, chrome_dogfood_required: false }
  terminal_state: complete
  accounting: { process_minutes: 1, delivery_minutes: 8 }
