profile: L2
review_identity:
  semantic_authority_digest: sha256:semantic-authority-l2
  behavior_digest: sha256:behavior-l2
  verification_digest: sha256:verification-l2
  policy_epoch: tw-review-policy/2026-08-21
audit_metadata:
  requirements_baseline_hash: sha256:requirements-l2
  workflow_profile_hash: sha256:profile-l2
  frozen_scope_identity: sha256:scope-l2
bookkeeping:
  bookkeeping_digest: sha256:bookkeeping-l2
fanout:
  active_reviewers: [independent]
  personas: [routine_independent]
  specialist_triggered: false
  validator_triggered: false
finding:
  severity: P1
  route: repair_then_rerun_scoped_review
repair_cycles: 1
repair_outcome: held_no_progress
terminal_receipt:
  facts:
    implemented: { state: passed, evidence_refs: [implementation-l2] }
    verified: { state: passed, evidence_refs: [verification-l2] }
    reviewed: { state: passed, evidence_refs: [review-l2] }
    deployed: { state: held, evidence_refs: [] }
    dogfooded: { state: not_applicable, evidence_refs: [] }
  requirements: { deploy_required: true, chrome_dogfood_required: false }
  terminal_state: ready_for_authorized_deploy
  accounting: { process_minutes: 2, delivery_minutes: 12 }
